// Jest Snapshot v1, https://goo.gl/fbAQLP

exports[`should render Dashboard Page correctly 1`] = `
<div>
  dashboard content
</div>
`;
